ACADEMIC_ACCELERATION_CONFIGURED
UPLOAD_BEGIN b4dd566a/source.tar.gz
HF_VERIFIED b4dd566a/source.tar.gz
UPLOAD_BEGIN b4dd566a/run/checkpoint_metadata.json
HF_VERIFIED b4dd566a/run/checkpoint_metadata.json
UPLOAD_BEGIN b4dd566a/run/diagnostics/epoch_020.json
HF_VERIFIED b4dd566a/run/diagnostics/epoch_020.json
UPLOAD_BEGIN b4dd566a/run/diagnostics/epoch_040.json
HF_VERIFIED b4dd566a/run/diagnostics/epoch_040.json
UPLOAD_BEGIN b4dd566a/run/diagnostics/epoch_060.json
HF_VERIFIED b4dd566a/run/diagnostics/epoch_060.json
UPLOAD_BEGIN b4dd566a/run/diagnostics/epoch_080.json
HF_VERIFIED b4dd566a/run/diagnostics/epoch_080.json
UPLOAD_BEGIN b4dd566a/run/epoch_history.json
HF_VERIFIED b4dd566a/run/epoch_history.json
UPLOAD_BEGIN b4dd566a/run/epoch_timing.jsonl
HF_VERIFIED b4dd566a/run/epoch_timing.jsonl
UPLOAD_BEGIN b4dd566a/run/runtime.json
HF_VERIFIED b4dd566a/run/runtime.json
UPLOAD_BEGIN b4dd566a/run/training.log
HF_VERIFIED b4dd566a/run/training.log
UPLOAD_BEGIN b4dd566a/run/validation.json
HF_VERIFIED b4dd566a/run/validation.json
UPLOAD_BEGIN b4dd566a/run/validation.log
HF_VERIFIED b4dd566a/run/validation.log
UPLOAD_BEGIN b4dd566a/models/best_model-BetterLViT.pth.tar
HF_VERIFIED b4dd566a/models/best_model-BetterLViT.pth.tar
UPLOAD_BEGIN b4dd566a/models/last_model-BetterLViT.pth.tar
HF_VERIFIED b4dd566a/models/last_model-BetterLViT.pth.tar
UPLOAD_BEGIN b4dd566a/manifest.json
HF_VERIFIED b4dd566a/manifest.json
UPLOAD_BEGIN b4dd566a/tensorboard/events.out.tfevents.1789071501.autodl-container-5994418ddb-a79e3722
HF_VERIFIED b4dd566a/tensorboard/events.out.tfevents.1789071501.autodl-container-5994418ddb-a79e3722
UPLOAD_BEGIN b4dd566a/analysis/REPORT.md
HF_VERIFIED b4dd566a/analysis/REPORT.md
UPLOAD_BEGIN b4dd566a/analysis/independent_verification.json
HF_VERIFIED b4dd566a/analysis/independent_verification.json
UPLOAD_BEGIN b4dd566a/analysis/r2_vs_rs1.json
HF_VERIFIED b4dd566a/analysis/r2_vs_rs1.json
UPLOAD_BEGIN b4dd566a/analysis/iou_reconciliation.json
HF_VERIFIED b4dd566a/analysis/iou_reconciliation.json
UPLOAD_BEGIN b4dd566a/analysis/reconcile_iou.py
HF_VERIFIED b4dd566a/analysis/reconcile_iou.py
{"source_git_commit": "b4dd566ae472079c55e41cffd7727060bcfd6bf5", "bucket_prefix": "b4dd566a", "classification": "completed_validation_only_80e_pilot", "test_split_accessed": false, "training_and_validation_returncodes": [0, 0], "files": [{"source": "/root/autodl-tmp/regional_runs/hf_staging/b4dd566a/source.tar.gz", "remote": "b4dd566a/source.tar.gz", "bytes": 190988, "xet_hash": "4f98fc66e7473c2304ad9e06c9404dbb23039f7cb255d304f1346660a34e5f7c"}, {"source": "/root/autodl-tmp/regional_runs/rs1_20260911/checkpoint_metadata.json", "remote": "b4dd566a/run/checkpoint_metadata.json", "bytes": 7051, "xet_hash": "8a818000e5ed4e626abdfa53c759cfe078f6006965786a7b1a320dcf8e2c1e7d"}, {"source": "/root/autodl-tmp/regional_runs/rs1_20260911/diagnostics/epoch_020.json", "remote": "b4dd566a/run/diagnostics/epoch_020.json", "bytes": 7638, "xet_hash": "81d88da38b4afe03a3e604aec91f7e9dba5f03f111584fafa7733b8d67702623"}, {"source": "/root/autodl-tmp/regional_runs/rs1_20260911/diagnostics/epoch_040.json", "remote": "b4dd566a/run/diagnostics/epoch_040.json", "bytes": 7630, "xet_hash": "8372f231899243e90295c7084c6292b7dba750b352099fa3aef5cb1e6fe29d32"}, {"source": "/root/autodl-tmp/regional_runs/rs1_20260911/diagnostics/epoch_060.json", "remote": "b4dd566a/run/diagnostics/epoch_060.json", "bytes": 7628, "xet_hash": "2d558c19f07af3f0047fa5a7bbb2116a25e2c55c56c825e3d57b114e0b3ffa99"}, {"source": "/root/autodl-tmp/regional_runs/rs1_20260911/diagnostics/epoch_080.json", "remote": "b4dd566a/run/diagnostics/epoch_080.json", "bytes": 7625, "xet_hash": "9a0f803f38a9aa12e0d4abdec76ecf19f27f6fd61231bffd81e311130156435f"}, {"source": "/root/autodl-tmp/regional_runs/rs1_20260911/epoch_history.json", "remote": "b4dd566a/run/epoch_history.json", "bytes": 876214, "xet_hash": "84561d5e3335962e3c0fcdb7812b3e22462e4592ca6e222f18c0f313c8164c9e"}, {"source": "/root/autodl-tmp/regional_runs/rs1_20260911/epoch_timing.jsonl", "remote": "b4dd566a/run/epoch_timing.jsonl", "bytes": 17577, "xet_hash": "7cb286335449ef37833203f0b0c206ac66731d62f23b61b30dd4faab9ad6e7ec"}, {"source": "/root/autodl-tmp/regional_runs/rs1_20260911/runtime.json", "remote": "b4dd566a/run/runtime.json", "bytes": 4587, "xet_hash": "973780467f68f593d3474e19a60558d5ecc98583c40b43688099960b47aee903"}, {"source": "/root/autodl-tmp/regional_runs/rs1_20260911/training.log", "remote": "b4dd566a/run/training.log", "bytes": 874079, "xet_hash": "136769c5699d9328472229ae20e7d81fc2f36f768f5c566a976994eb38f42ac3"}, {"source": "/root/autodl-tmp/regional_runs/rs1_20260911/validation.json", "remote": "b4dd566a/run/validation.json", "bytes": 668002, "xet_hash": "af3b0a9d8a31639edb5ecb030c2f94efc640c6ccf76e3182d559423912fd4a9c"}, {"source": "/root/autodl-tmp/regional_runs/rs1_20260911/validation.log", "remote": "b4dd566a/run/validation.log", "bytes": 14087, "xet_hash": "3307b93d2744b6d4695210a23bf0eb8ee669246e6e425817f7b6da19c1a040f5"}, {"source": "/root/autodl-tmp/BetterLViT-regional-rs1/Covid19/BetterLViT/rs1_global_iou/RS1_Test_session_09.11_04h18/models/best_model-BetterLViT.pth.tar", "remote": "b4dd566a/models/best_model-BetterLViT.pth.tar", "bytes": 845312447, "xet_hash": "55834ee04c30f7b12b56e577538fb4f9c3397276130a35602b4893b07ee297bf"}, {"source": "/root/autodl-tmp/BetterLViT-regional-rs1/Covid19/BetterLViT/rs1_global_iou/RS1_Test_session_09.11_04h18/models/last_model-BetterLViT.pth.tar", "remote": "b4dd566a/models/last_model-BetterLViT.pth.tar", "bytes": 845347135, "xet_hash": "9ecd31247b4fe1bf206390d9c61736a91d74243090f428b1269556def9d0174a"}, {"source": "/root/autodl-tmp/BetterLViT-regional-rs1/experiment_manifests/active_regional.json", "remote": "b4dd566a/manifest.json", "bytes": 3696, "xet_hash": "2cd4ef3e680e5df039e4fd2a8a7b9f7a4845ff90a65dceca47d471bb51a0bd31"}, {"source": "/root/autodl-tmp/BetterLViT-regional-rs1/Covid19/BetterLViT/rs1_global_iou/RS1_Test_session_09.11_04h18/tensorboard_logs/events.out.tfevents.1789071501.autodl-container-5994418ddb-a79e3722", "remote": "b4dd566a/tensorboard/events.out.tfevents.1789071501.autodl-container-5994418ddb-a79e3722", "bytes": 1083670, "xet_hash": "4cfb8fb1d8169544a03a0bf815e5398ebe69789dc8f833878ee89acfd18e5ed6"}, {"source": "/root/autodl-tmp/regional_runs/hf_staging/b4dd566a/analysis/REPORT.md", "remote": "b4dd566a/analysis/REPORT.md", "bytes": 1298, "xet_hash": "7cd3fbcbdcfe9ea82fc75412daade7fce95f55e67ffa0d74f0fa2d638876f35c"}, {"source": "/root/autodl-tmp/regional_runs/hf_staging/b4dd566a/analysis/independent_verification.json", "remote": "b4dd566a/analysis/independent_verification.json", "bytes": 783, "xet_hash": "874ce43d19353dff1fb9a399f8cd84c77e74263af6e79a9bd613ce2af8fcfa21"}, {"source": "/root/autodl-tmp/regional_runs/hf_staging/b4dd566a/analysis/r2_vs_rs1.json", "remote": "b4dd566a/analysis/r2_vs_rs1.json", "bytes": 2089, "xet_hash": "ead817fd3b424144eb6a48b02028064125e4ad1e7591c8c82084e37dc9ea1447"}, {"source": "/root/autodl-tmp/regional_runs/hf_staging/b4dd566a/analysis/iou_reconciliation.json", "remote": "b4dd566a/analysis/iou_reconciliation.json", "bytes": 514886, "xet_hash": "6b52addb120afd4b5e5c841c6db31b90e70471f6b094c15d48c6a5edfac7474c"}, {"source": "/root/autodl-tmp/regional_runs/hf_staging/b4dd566a/analysis/reconcile_iou.py", "remote": "b4dd566a/analysis/reconcile_iou.py", "bytes": 5950, "xet_hash": "5a65808ff16b7c90f2e8f8e972de78fb0fdc385af44534d1ea0185b8b078986c"}], "experiment_tag": "experiment-rs1-regional-80e-seed1219-20260911", "checkpoint_checks": [{"role": "best", "path": "/root/autodl-tmp/BetterLViT-regional-rs1/Covid19/BetterLViT/rs1_global_iou/RS1_Test_session_09.11_04h18/models/best_model-BetterLViT.pth.tar", "bytes": 845312447, "source_git_commit": "b4dd566ae472079c55e41cffd7727060bcfd6bf5", "epoch": 68, "best_epoch": 69, "regional_supervision": {"version": "regional_overlap_v1", "mode": "global", "weight": 0.128312, "window": 56, "stride": 28, "eps": 1e-06, "empty_rule": "mean_foreground_probability", "image_aggregation": "macro", "prediction": "final_probability", "extra_parameters": 0}, "training_recipe": {"version": "c4_recipe_v1", "augmentation_policy": "legacy", "lr_schedule": "single_cosine", "epochs": 80, "lr_max": 0.0003, "lr_min": 1e-06, "optimizer": "Adam", "weight_decay": 0.0001, "planned_epoch_lrs": [0.0003, 0.00029988180488548156, 0.000299527406432697, 0.000298937365018445, 0.0002981126136194818, 0.0002970544563372931, 0.0002957645663360413, 0.00029424498319694935, 0.0002924981096933035, 0.0002905267079911748, 0.00028833389528186686, 0.0002859231388529957, 0.0002832982506059952, 0.0002804633810287176, 0.0002774230126326589, 0.00027418195286518706, 0.0002707453265079793, 0.0002671185675736892, 0.00026330741071365536, 0.00025931788215023937, 0.0002551562901481291, 0.000250829215039676, 0.0002463434988200369, 0.00024170623432857334, 0.0002369247540336148, 0.00023200661843831875, 0.00022695960412596154, 0.00022179169146356164, 0.0002165110519832788, 0.00021112603546154254, 0.0002056451567163392, 0.00020007708214353414, 0.00019443061601351913, 0.00018871468654985094, 0.0001829383318118945, 0.00017711068540379374, 0.00017124096203236568, 0.00016533844293675515, 0.00015941246121288803, 0.00015347238705592798, 0.00014752761294407196, 0.00014158753878711194, 0.00013566155706324476, 0.0001297590379676343, 0.00012388931459620628, 0.00011806166818810543, 0.00011228531345014903, 0.00010656938398648078, 0.00010092291785646585, 9.535484328366082e-05, 8.98739645384574e-05, 8.448894801672122e-05, 7.92083085364383e-05, 7.404039587403837e-05, 6.899338156168123e-05, 6.407524596638513e-05, 5.9293765671426594e-05, 5.4656501179963124e-05, 5.017078496032398e-05, 4.5843709851870916e-05, 4.1682117849760676e-05, 3.769258928634457e-05, 3.388143242631079e-05, 3.025467349202066e-05, 2.6818047134812932e-05, 2.3576987367341105e-05, 2.0536618971282416e-05, 1.770174939400478e-05, 1.507686114700427e-05, 1.2666104718133115e-05, 1.047329200882518e-05, 8.501890306696488e-06, 6.755016803050646e-06, 5.235433663958695e-06, 3.945543662706889e-06, 2.887386380518162e-06, 2.0626349815549752e-06, 1.4725935673029728e-06, 1.1181951145183744e-06, 1e-06], "lr_epoch_convention": "first and last training epochs include endpoints"}}, {"role": "last", "path": "/root/autodl-tmp/BetterLViT-regional-rs1/Covid19/BetterLViT/rs1_global_iou/RS1_Test_session_09.11_04h18/models/last_model-BetterLViT.pth.tar", "bytes": 845347135, "source_git_commit": "b4dd566ae472079c55e41cffd7727060bcfd6bf5", "epoch": 79, "best_epoch": 69, "regional_supervision": {"version": "regional_overlap_v1", "mode": "global", "weight": 0.128312, "window": 56, "stride": 28, "eps": 1e-06, "empty_rule": "mean_foreground_probability", "image_aggregation": "macro", "prediction": "final_probability", "extra_parameters": 0}, "training_recipe": {"version": "c4_recipe_v1", "augmentation_policy": "legacy", "lr_schedule": "single_cosine", "epochs": 80, "lr_max": 0.0003, "lr_min": 1e-06, "optimizer": "Adam", "weight_decay": 0.0001, "planned_epoch_lrs": [0.0003, 0.00029988180488548156, 0.000299527406432697, 0.000298937365018445, 0.0002981126136194818, 0.0002970544563372931, 0.0002957645663360413, 0.00029424498319694935, 0.0002924981096933035, 0.0002905267079911748, 0.00028833389528186686, 0.0002859231388529957, 0.0002832982506059952, 0.0002804633810287176, 0.0002774230126326589, 0.00027418195286518706, 0.0002707453265079793, 0.0002671185675736892, 0.00026330741071365536, 0.00025931788215023937, 0.0002551562901481291, 0.000250829215039676, 0.0002463434988200369, 0.00024170623432857334, 0.0002369247540336148, 0.00023200661843831875, 0.00022695960412596154, 0.00022179169146356164, 0.0002165110519832788, 0.00021112603546154254, 0.0002056451567163392, 0.00020007708214353414, 0.00019443061601351913, 0.00018871468654985094, 0.0001829383318118945, 0.00017711068540379374, 0.00017124096203236568, 0.00016533844293675515, 0.00015941246121288803, 0.00015347238705592798, 0.00014752761294407196, 0.00014158753878711194, 0.00013566155706324476, 0.0001297590379676343, 0.00012388931459620628, 0.00011806166818810543, 0.00011228531345014903, 0.00010656938398648078, 0.00010092291785646585, 9.535484328366082e-05, 8.98739645384574e-05, 8.448894801672122e-05, 7.92083085364383e-05, 7.404039587403837e-05, 6.899338156168123e-05, 6.407524596638513e-05, 5.9293765671426594e-05, 5.4656501179963124e-05, 5.017078496032398e-05, 4.5843709851870916e-05, 4.1682117849760676e-05, 3.769258928634457e-05, 3.388143242631079e-05, 3.025467349202066e-05, 2.6818047134812932e-05, 2.3576987367341105e-05, 2.0536618971282416e-05, 1.770174939400478e-05, 1.507686114700427e-05, 1.2666104718133115e-05, 1.047329200882518e-05, 8.501890306696488e-06, 6.755016803050646e-06, 5.235433663958695e-06, 3.945543662706889e-06, 2.887386380518162e-06, 2.0626349815549752e-06, 1.4725935673029728e-06, 1.1181951145183744e-06, 1e-06], "lr_epoch_convention": "first and last training epochs include endpoints"}}], "helper_sha256": "242ea2f54a0d3d6feb9b13a07d90c853515089b825a6f47bfd5e11ea227f58a7", "verified": true, "verified_files": 21, "bucket": "razaxq/BetterLViT"}

