/root/autodl-tmp/envs/betterlvit-paper/lib/python3.12/site-packages/timm/models/layers/__init__.py:49: FutureWarning: Importing from timm.models.layers is deprecated, please import via timm.layers
  warnings.warn(f"Importing from {__name__} is deprecated, please import via timm.layers", FutureWarning)
/root/text_head_b_49905dbb/check_heads.py:50: UserWarning: Converting a tensor with requires_grad=True to a scalar may lead to unexpected behavior.
Consider using tensor.detach() first. (Triggered internally at /pytorch/torch/csrc/autograd/generated/python_variable_methods.cpp:836.)
  error=float((p.double().sum((1,2,3))-logits.sigmoid().double().sum((1,2,3))).abs().max())
{"step": 1, "lr": 0.001, "loss": {"T1": 0.0596584789454937, "T2": 0.0596584789454937, "T3": 0.0596584789454937, "T4": 0.0596584789454937, "image": 0.0596584789454937, "template": 0.0596584789454937}, "expected_completion_unix": 1789132145.70174}
{"step": 32, "lr": 0.0009977586016736769, "loss": {"T1": 0.06626659631729126, "T2": 0.06640484184026718, "T3": 0.0663905143737793, "T4": 0.06640341877937317, "image": 0.06640288978815079, "template": 0.06639024615287781}, "expected_completion_unix": 1789132124.0886405}
{"step": 64, "lr": 0.0009907647280187593, "loss": {"T1": 0.0682482123374939, "T2": 0.06810490041971207, "T3": 0.06795233488082886, "T4": 0.06810332834720612, "image": 0.06810301542282104, "template": 0.06806136667728424}, "expected_completion_unix": 1789132123.2978337}
{"step": 96, "lr": 0.0009790835313802347, "loss": {"T1": 0.06836169213056564, "T2": 0.06894829124212265, "T3": 0.06846004724502563, "T4": 0.06894727051258087, "image": 0.06894682347774506, "template": 0.06859283149242401}, "expected_completion_unix": 1789132119.3652964}
{"step": 128, "lr": 0.0009628277279318418, "loss": {"T1": 0.07266117632389069, "T2": 0.07565996050834656, "T3": 0.07492436468601227, "T4": 0.0756860300898552, "image": 0.07568667829036713, "template": 0.07542262971401215}, "expected_completion_unix": 1789132118.3449628}
{"step": 160, "lr": 0.0009421541759152888, "loss": {"T1": 0.10078804194927216, "T2": 0.1013663113117218, "T3": 0.10126487165689468, "T4": 0.10136822611093521, "image": 0.10136817395687103, "template": 0.10188284516334534}, "expected_completion_unix": 1789132117.8186984}
{"step": 192, "lr": 0.0009172623620572368, "loss": {"T1": 0.06754742562770844, "T2": 0.06814219057559967, "T3": 0.0680597648024559, "T4": 0.06829877197742462, "image": 0.06829880177974701, "template": 0.06823375821113586}, "expected_completion_unix": 1789132117.5280085}
{"step": 224, "lr": 0.0008883924766483157, "loss": {"T1": 0.09509660303592682, "T2": 0.09414887428283691, "T3": 0.09506712853908539, "T4": 0.0941995233297348, "image": 0.0941995233297348, "template": 0.09439100325107574}, "expected_completion_unix": 1789132119.1337035}
{"step": 256, "lr": 0.0008558230958584405, "loss": {"T1": 0.09396643936634064, "T2": 0.09431947767734528, "T3": 0.09384886175394058, "T4": 0.09449760615825653, "image": 0.09449759870767593, "template": 0.0937647670507431}, "expected_completion_unix": 1789132119.901449}
{"step": 288, "lr": 0.0008198684936526249, "loss": {"T1": 0.08529265224933624, "T2": 0.0841468796133995, "T3": 0.08486828207969666, "T4": 0.08425755053758621, "image": 0.08425755053758621, "template": 0.08496478199958801}, "expected_completion_unix": 1789132118.5388532}
{"step": 320, "lr": 0.000780875609245606, "loss": {"T1": 0.07737725973129272, "T2": 0.07876476645469666, "T3": 0.07751622051000595, "T4": 0.07933063060045242, "image": 0.07933063060045242, "template": 0.07844370603561401}, "expected_completion_unix": 1789132117.9848278}
{"step": 352, "lr": 0.0007392206993574295, "loss": {"T1": 0.054556287825107574, "T2": 0.05582856386899948, "T3": 0.05635198578238487, "T4": 0.057700298726558685, "image": 0.057700298726558685, "template": 0.05728643015027046}, "expected_completion_unix": 1789132117.0908527}
{"step": 384, "lr": 0.000695305707573615, "loss": {"T1": 0.11137282848358154, "T2": 0.11287056654691696, "T3": 0.11347613483667374, "T4": 0.11329053342342377, "image": 0.11329053342342377, "template": 0.11285874247550964}, "expected_completion_unix": 1789132116.451202}
{"step": 416, "lr": 0.0006495543858432858, "loss": {"T1": 0.06374349445104599, "T2": 0.06413634866476059, "T3": 0.06459343433380127, "T4": 0.06413283944129944, "image": 0.06413283944129944, "template": 0.0645703449845314}, "expected_completion_unix": 1789132116.3367167}
{"step": 448, "lr": 0.0006024082055403548, "loss": {"T1": 0.08400565385818481, "T2": 0.08288729935884476, "T3": 0.08353421092033386, "T4": 0.08337466418743134, "image": 0.08337466418743134, "template": 0.08391451090574265}, "expected_completion_unix": 1789132115.2677915}
{"step": 480, "lr": 0.0005543220975434485, "loss": {"T1": 0.08836624026298523, "T2": 0.08804231882095337, "T3": 0.08750399947166443, "T4": 0.08705933392047882, "image": 0.08705933392047882, "template": 0.0872185230255127}, "expected_completion_unix": 1789132115.4279203}
{"step": 512, "lr": 0.0005057600624401053, "loss": {"T1": 0.0553646981716156, "T2": 0.05652078241109848, "T3": 0.0560506135225296, "T4": 0.05674643814563751, "image": 0.05674643814563751, "template": 0.056094612926244736}, "expected_completion_unix": 1789132115.4955924}
{"step": 544, "lr": 0.0004571906932140086, "loss": {"T1": 0.09501825273036957, "T2": 0.09576842188835144, "T3": 0.0951959639787674, "T4": 0.09613005071878433, "image": 0.09613005071878433, "template": 0.09578351676464081}, "expected_completion_unix": 1789132116.1329181}
{"step": 576, "lr": 0.0004090826536184976, "loss": {"T1": 0.08740092813968658, "T2": 0.08730220794677734, "T3": 0.0874081552028656, "T4": 0.08731750398874283, "image": 0.08731750398874283, "template": 0.08737500011920929}, "expected_completion_unix": 1789132116.2603402}
{"step": 608, "lr": 0.00036190015586719227, "loss": {"T1": 0.06834405660629272, "T2": 0.06891272962093353, "T3": 0.06819097697734833, "T4": 0.06872963160276413, "image": 0.06872963160276413, "template": 0.06851442158222198}, "expected_completion_unix": 1789132115.393206}
{"step": 640, "lr": 0.0003160984812791703, "loss": {"T1": 0.09534348547458649, "T2": 0.09448210150003433, "T3": 0.09434927254915237, "T4": 0.09435750544071198, "image": 0.09435750544071198, "template": 0.09409388154745102}, "expected_completion_unix": 1789132114.6679645}
{"step": 672, "lr": 0.00027211958710163605, "loss": {"T1": 0.08218909800052643, "T2": 0.08455529063940048, "T3": 0.08332772552967072, "T4": 0.08448757231235504, "image": 0.08448757231235504, "template": 0.0839235782623291}, "expected_completion_unix": 1789132113.6936}
{"step": 704, "lr": 0.00023038784190147315, "loss": {"T1": 0.0607791543006897, "T2": 0.06159577891230583, "T3": 0.06085767596960068, "T4": 0.06114167720079422, "image": 0.06114167720079422, "template": 0.061335641890764236}, "expected_completion_unix": 1789132112.579459}
{"step": 736, "lr": 0.00019130593067645952, "loss": {"T1": 0.08845636248588562, "T2": 0.08740116655826569, "T3": 0.08922545611858368, "T4": 0.08929340541362762, "image": 0.08929340541362762, "template": 0.08893562853336334}, "expected_completion_unix": 1789132112.2389214}
{"step": 768, "lr": 0.00015525096919923568, "loss": {"T1": 0.08193740993738174, "T2": 0.0828913226723671, "T3": 0.08275777846574783, "T4": 0.08408774435520172, "image": 0.08408774435520172, "template": 0.08345173299312592}, "expected_completion_unix": 1789132111.8150845}
{"step": 800, "lr": 0.00012257086508815548, "loss": {"T1": 0.06425246596336365, "T2": 0.0642598494887352, "T3": 0.06430245190858841, "T4": 0.06512505561113358, "image": 0.06512505561113358, "template": 0.06470155715942383}, "expected_completion_unix": 1789132111.064743}
{"step": 832, "lr": 9.358096071838716e-05, "loss": {"T1": 0.06276650726795197, "T2": 0.06400743871927261, "T3": 0.06359466910362244, "T4": 0.06439343094825745, "image": 0.06439343094825745, "template": 0.06449590623378754}, "expected_completion_unix": 1789132110.970184}
{"step": 864, "lr": 6.856099036705562e-05, "loss": {"T1": 0.0709654837846756, "T2": 0.07191962003707886, "T3": 0.07131928950548172, "T4": 0.0723930299282074, "image": 0.0723930299282074, "template": 0.07197443395853043}, "expected_completion_unix": 1789132110.6335914}
{"step": 896, "lr": 4.775238095405112e-05, "loss": {"T1": 0.10803329944610596, "T2": 0.10865332931280136, "T3": 0.10885029286146164, "T4": 0.10897129774093628, "image": 0.10897129774093628, "template": 0.10856195539236069}, "expected_completion_unix": 1789132110.179754}
{"step": 928, "lr": 3.1355922424655295e-05, "loss": {"T1": 0.08030930161476135, "T2": 0.0802786648273468, "T3": 0.07990874350070953, "T4": 0.08097972720861435, "image": 0.08097972720861435, "template": 0.080695241689682}, "expected_completion_unix": 1789132109.5499563}
{"step": 960, "lr": 1.952983025331792e-05, "loss": {"T1": 0.06460057199001312, "T2": 0.06519652903079987, "T3": 0.06476694345474243, "T4": 0.065281443297863, "image": 0.065281443297863, "template": 0.06530158966779709}, "expected_completion_unix": 1789132108.9615936}
{"step": 992, "lr": 1.238821876420392e-05, "loss": {"T1": 0.0852067768573761, "T2": 0.08463191241025925, "T3": 0.08474075794219971, "T4": 0.08591162413358688, "image": 0.08591162413358688, "template": 0.085698202252388}, "expected_completion_unix": 1789132108.3966703}
{"step": 1024, "lr": 1e-05, "loss": {"T1": 0.06546726077795029, "T2": 0.06588557362556458, "T3": 0.06629456579685211, "T4": 0.06685329228639603, "image": 0.06685329228639603, "template": 0.06682077795267105}, "expected_completion_unix": 1789132108.151474}
