ACADEMIC_ACCELERATION_CONFIGURED
UPLOAD_BEGIN ec3d45cc/source.tar.gz
HF_VERIFIED ec3d45cc/source.tar.gz
UPLOAD_BEGIN ec3d45cc/run/checkpoint_metadata.json
HF_VERIFIED ec3d45cc/run/checkpoint_metadata.json
UPLOAD_BEGIN ec3d45cc/run/diagnostics/epoch_020.json
HF_VERIFIED ec3d45cc/run/diagnostics/epoch_020.json
UPLOAD_BEGIN ec3d45cc/run/diagnostics/epoch_040.json
HF_VERIFIED ec3d45cc/run/diagnostics/epoch_040.json
UPLOAD_BEGIN ec3d45cc/run/diagnostics/epoch_060.json
HF_VERIFIED ec3d45cc/run/diagnostics/epoch_060.json
UPLOAD_BEGIN ec3d45cc/run/diagnostics/epoch_080.json
HF_VERIFIED ec3d45cc/run/diagnostics/epoch_080.json
UPLOAD_BEGIN ec3d45cc/run/epoch_history.json
HF_VERIFIED ec3d45cc/run/epoch_history.json
UPLOAD_BEGIN ec3d45cc/run/epoch_timing.jsonl
HF_VERIFIED ec3d45cc/run/epoch_timing.jsonl
UPLOAD_BEGIN ec3d45cc/run/runtime.json
HF_VERIFIED ec3d45cc/run/runtime.json
UPLOAD_BEGIN ec3d45cc/run/training.log
HF_VERIFIED ec3d45cc/run/training.log
UPLOAD_BEGIN ec3d45cc/run/validation.json
HF_VERIFIED ec3d45cc/run/validation.json
UPLOAD_BEGIN ec3d45cc/run/validation.log
HF_VERIFIED ec3d45cc/run/validation.log
UPLOAD_BEGIN ec3d45cc/models/best_model-BetterLViT.pth.tar
HF_VERIFIED ec3d45cc/models/best_model-BetterLViT.pth.tar
UPLOAD_BEGIN ec3d45cc/models/last_model-BetterLViT.pth.tar
HF_VERIFIED ec3d45cc/models/last_model-BetterLViT.pth.tar
UPLOAD_BEGIN ec3d45cc/manifest.json
HF_VERIFIED ec3d45cc/manifest.json
UPLOAD_BEGIN ec3d45cc/tensorboard/events.out.tfevents.1789206272.autodl-container-5994418ddb-a79e3722
HF_VERIFIED ec3d45cc/tensorboard/events.out.tfevents.1789206272.autodl-container-5994418ddb-a79e3722
UPLOAD_BEGIN ec3d45cc/analysis/REPORT.md
HF_VERIFIED ec3d45cc/analysis/REPORT.md
UPLOAD_BEGIN ec3d45cc/analysis/independent_verification.json
HF_VERIFIED ec3d45cc/analysis/independent_verification.json
UPLOAD_BEGIN ec3d45cc/analysis/paired_comparison.json
HF_VERIFIED ec3d45cc/analysis/paired_comparison.json
UPLOAD_BEGIN ec3d45cc/analysis/PROTOCOL.md
HF_VERIFIED ec3d45cc/analysis/PROTOCOL.md
UPLOAD_BEGIN ec3d45cc/analysis/sources.json
HF_VERIFIED ec3d45cc/analysis/sources.json
UPLOAD_BEGIN ec3d45cc/analysis/analyze.py
HF_VERIFIED ec3d45cc/analysis/analyze.py
UPLOAD_BEGIN ec3d45cc/analysis/preflight_verified.json
HF_VERIFIED ec3d45cc/analysis/preflight_verified.json
UPLOAD_BEGIN ec3d45cc/analysis/github_sources_verified.json
HF_VERIFIED ec3d45cc/analysis/github_sources_verified.json
{"source_git_commit": "ec3d45cc43710b239e3dadef3f99eb1e2823aa8e", "bucket_prefix": "ec3d45cc", "classification": "completed_validation_only_80e_independent_seed_replication", "test_split_accessed": false, "training_and_validation_returncodes": [0, 0], "files": [{"source": "/root/autodl-tmp/rs1_iou_runs/hf_staging/ec3d45cc/source.tar.gz", "remote": "ec3d45cc/source.tar.gz", "bytes": 193300, "xet_hash": "e844151dbfc38424e9be928bd64bec96327a01520153c6406efa7efb6576d7e1"}, {"source": "/root/autodl-tmp/rs1_iou_runs/rs1s3407_20260912/checkpoint_metadata.json", "remote": "ec3d45cc/run/checkpoint_metadata.json", "bytes": 7051, "xet_hash": "cd1a21fbbd98df5b5bc48de9f39b16426d505b3965782100ad76554067dcf6f9"}, {"source": "/root/autodl-tmp/rs1_iou_runs/rs1s3407_20260912/diagnostics/epoch_020.json", "remote": "ec3d45cc/run/diagnostics/epoch_020.json", "bytes": 7634, "xet_hash": "bacc9e17575a6e4ae6aa4cdc16956fb0b5ef37ce793310b716341b4ace9b7886"}, {"source": "/root/autodl-tmp/rs1_iou_runs/rs1s3407_20260912/diagnostics/epoch_040.json", "remote": "ec3d45cc/run/diagnostics/epoch_040.json", "bytes": 7632, "xet_hash": "0ab2687bb388d609ec0ac7766fbb1e4db39b47c6cb7e5b8dfb21c14dc60e3862"}, {"source": "/root/autodl-tmp/rs1_iou_runs/rs1s3407_20260912/diagnostics/epoch_060.json", "remote": "ec3d45cc/run/diagnostics/epoch_060.json", "bytes": 7629, "xet_hash": "7ae144769f6b7da6a3f6ac0a39d7c70ec4679c5ed2e2b20bc90a73d5e3d0dbee"}, {"source": "/root/autodl-tmp/rs1_iou_runs/rs1s3407_20260912/diagnostics/epoch_080.json", "remote": "ec3d45cc/run/diagnostics/epoch_080.json", "bytes": 7621, "xet_hash": "19cbb0183bfcb6aaa97c0cd38d689a0e509a41576643d716c6f2713d79e6a030"}, {"source": "/root/autodl-tmp/rs1_iou_runs/rs1s3407_20260912/epoch_history.json", "remote": "ec3d45cc/run/epoch_history.json", "bytes": 877122, "xet_hash": "003a440d671f82db039994c89b716289b64af20fb3afef746c6df6ab7ebaf60b"}, {"source": "/root/autodl-tmp/rs1_iou_runs/rs1s3407_20260912/epoch_timing.jsonl", "remote": "ec3d45cc/run/epoch_timing.jsonl", "bytes": 17578, "xet_hash": "019e2c446f82f89f02f3cfafe523d3ad387cff9bbbec2b32f1ad65c500b04d64"}, {"source": "/root/autodl-tmp/rs1_iou_runs/rs1s3407_20260912/runtime.json", "remote": "ec3d45cc/run/runtime.json", "bytes": 4934, "xet_hash": "76d886584d36d4bf8f126a933460b0598b51567010ba01a6929b7e6b45576fa8"}, {"source": "/root/autodl-tmp/rs1_iou_runs/rs1s3407_20260912/training.log", "remote": "ec3d45cc/run/training.log", "bytes": 873876, "xet_hash": "5cfb511aacf79745542084e3ad9f4d95350dad98ba8c9694a2d25d239cac3e43"}, {"source": "/root/autodl-tmp/rs1_iou_runs/rs1s3407_20260912/validation.json", "remote": "ec3d45cc/run/validation.json", "bytes": 668111, "xet_hash": "78f5b709d2e5d3959a5fe23ec08e13199ebfd558b45d25f28cc8562246d50f2e"}, {"source": "/root/autodl-tmp/rs1_iou_runs/rs1s3407_20260912/validation.log", "remote": "ec3d45cc/run/validation.log", "bytes": 14087, "xet_hash": "6824952a66d816ef82ced97721c34cbfa61b652a1f4829ef7c100972d6a3bfb6"}, {"source": "/root/autodl-tmp/BetterLViT-rs1s3407-iou/Covid19/BetterLViT/rs1_global_iou/RS1_Test_session_09.12_17h44/models/best_model-BetterLViT.pth.tar", "remote": "ec3d45cc/models/best_model-BetterLViT.pth.tar", "bytes": 845328191, "xet_hash": "31d4ee1a30142e56d876fd0c37abd495a036222dcabce26c877ed9363a3c23c7"}, {"source": "/root/autodl-tmp/BetterLViT-rs1s3407-iou/Covid19/BetterLViT/rs1_global_iou/RS1_Test_session_09.12_17h44/models/last_model-BetterLViT.pth.tar", "remote": "ec3d45cc/models/last_model-BetterLViT.pth.tar", "bytes": 845347135, "xet_hash": "453219d5819a04f14f345aeb287fce5ca1e74df4c36415add4f70090774f993a"}, {"source": "/root/autodl-tmp/BetterLViT-rs1s3407-iou/experiment_manifests/active_regional.json", "remote": "ec3d45cc/manifest.json", "bytes": 4029, "xet_hash": "0eb15505d095a14bc1ef33cbb4de94a4c043d3e957ddfb92695eacb22869d3fa"}, {"source": "/root/autodl-tmp/BetterLViT-rs1s3407-iou/Covid19/BetterLViT/rs1_global_iou/RS1_Test_session_09.12_17h44/tensorboard_logs/events.out.tfevents.1789206272.autodl-container-5994418ddb-a79e3722", "remote": "ec3d45cc/tensorboard/events.out.tfevents.1789206272.autodl-container-5994418ddb-a79e3722", "bytes": 1083670, "xet_hash": "151c01c391e6be9b4b695e0abb45210489c9c5723a84bd06a7c3830e0ed0de81"}, {"source": "/root/autodl-tmp/rs1_iou_runs/hf_staging/ec3d45cc/analysis/REPORT.md", "remote": "ec3d45cc/analysis/REPORT.md", "bytes": 835, "xet_hash": "f99ce709d15d1f81d1ad660afcfe1ab06b58aa32fa964adac8c3e17f5a2ff7c1"}, {"source": "/root/autodl-tmp/rs1_iou_runs/hf_staging/ec3d45cc/analysis/independent_verification.json", "remote": "ec3d45cc/analysis/independent_verification.json", "bytes": 527, "xet_hash": "a525538c52f5476a56f9cea37e0dd10bce1a2a66b1d5dbe418d751d222849012"}, {"source": "/root/autodl-tmp/rs1_iou_runs/hf_staging/ec3d45cc/analysis/paired_comparison.json", "remote": "ec3d45cc/analysis/paired_comparison.json", "bytes": 3216, "xet_hash": "10b2244a97029c5c3ef5e581054b4a44fd3903f5e6312dacb434b20d1498300f"}, {"source": "/root/autodl-tmp/rs1_iou_runs/hf_staging/ec3d45cc/analysis/PROTOCOL.md", "remote": "ec3d45cc/analysis/PROTOCOL.md", "bytes": 4710, "xet_hash": "ad4ce605aaaed25220510eb7711edc4d2465a0c12951ec86601bc4750e43efc0"}, {"source": "/root/autodl-tmp/rs1_iou_runs/hf_staging/ec3d45cc/analysis/sources.json", "remote": "ec3d45cc/analysis/sources.json", "bytes": 3003, "xet_hash": "79bc77a632d32d7634a2d215e31f1b4d9629d10d2166d0bdeb3c23e4d12edd6b"}, {"source": "/root/autodl-tmp/rs1_iou_runs/hf_staging/ec3d45cc/analysis/analyze.py", "remote": "ec3d45cc/analysis/analyze.py", "bytes": 13317, "xet_hash": "50324bb2bf79a46e4063710d24b8ad1b54b463b53562f12477310bb9876065b2"}, {"source": "/root/autodl-tmp/rs1_iou_runs/hf_staging/ec3d45cc/analysis/preflight_verified.json", "remote": "ec3d45cc/analysis/preflight_verified.json", "bytes": 943, "xet_hash": "d40f7a874a34ce40aac6b0637f6799c4c6b7fc5bac8ac7510da7c5db56d68498"}, {"source": "/root/autodl-tmp/rs1_iou_runs/hf_staging/ec3d45cc/analysis/github_sources_verified.json", "remote": "ec3d45cc/analysis/github_sources_verified.json", "bytes": 497, "xet_hash": "17d9c23379d112e39ce93fa977f324e1ac8a221c459e8559ebba3d030206a50a"}], "experiment_tag": "experiment-rs1-iou-80e-seed3407-20260912", "checkpoint_checks": [{"role": "best", "path": "/root/autodl-tmp/BetterLViT-rs1s3407-iou/Covid19/BetterLViT/rs1_global_iou/RS1_Test_session_09.12_17h44/models/best_model-BetterLViT.pth.tar", "bytes": 845328191, "source_git_commit": "ec3d45cc43710b239e3dadef3f99eb1e2823aa8e", "epoch": 73, "best_epoch": 74, "regional_supervision": {"version": "regional_overlap_v1", "mode": "global", "weight": 0.128312, "window": 56, "stride": 28, "eps": 1e-06, "empty_rule": "mean_foreground_probability", "image_aggregation": "macro", "prediction": "final_probability", "extra_parameters": 0}, "training_recipe": {"version": "c4_recipe_v1", "augmentation_policy": "legacy", "lr_schedule": "single_cosine", "epochs": 80, "lr_max": 0.0003, "lr_min": 1e-06, "optimizer": "Adam", "weight_decay": 0.0001, "planned_epoch_lrs": [0.0003, 0.00029988180488548156, 0.000299527406432697, 0.000298937365018445, 0.0002981126136194818, 0.0002970544563372931, 0.0002957645663360413, 0.00029424498319694935, 0.0002924981096933035, 0.0002905267079911748, 0.00028833389528186686, 0.0002859231388529957, 0.0002832982506059952, 0.0002804633810287176, 0.0002774230126326589, 0.00027418195286518706, 0.0002707453265079793, 0.0002671185675736892, 0.00026330741071365536, 0.00025931788215023937, 0.0002551562901481291, 0.000250829215039676, 0.0002463434988200369, 0.00024170623432857334, 0.0002369247540336148, 0.00023200661843831875, 0.00022695960412596154, 0.00022179169146356164, 0.0002165110519832788, 0.00021112603546154254, 0.0002056451567163392, 0.00020007708214353414, 0.00019443061601351913, 0.00018871468654985094, 0.0001829383318118945, 0.00017711068540379374, 0.00017124096203236568, 0.00016533844293675515, 0.00015941246121288803, 0.00015347238705592798, 0.00014752761294407196, 0.00014158753878711194, 0.00013566155706324476, 0.0001297590379676343, 0.00012388931459620628, 0.00011806166818810543, 0.00011228531345014903, 0.00010656938398648078, 0.00010092291785646585, 9.535484328366082e-05, 8.98739645384574e-05, 8.448894801672122e-05, 7.92083085364383e-05, 7.404039587403837e-05, 6.899338156168123e-05, 6.407524596638513e-05, 5.9293765671426594e-05, 5.4656501179963124e-05, 5.017078496032398e-05, 4.5843709851870916e-05, 4.1682117849760676e-05, 3.769258928634457e-05, 3.388143242631079e-05, 3.025467349202066e-05, 2.6818047134812932e-05, 2.3576987367341105e-05, 2.0536618971282416e-05, 1.770174939400478e-05, 1.507686114700427e-05, 1.2666104718133115e-05, 1.047329200882518e-05, 8.501890306696488e-06, 6.755016803050646e-06, 5.235433663958695e-06, 3.945543662706889e-06, 2.887386380518162e-06, 2.0626349815549752e-06, 1.4725935673029728e-06, 1.1181951145183744e-06, 1e-06], "lr_epoch_convention": "first and last training epochs include endpoints"}}, {"role": "last", "path": "/root/autodl-tmp/BetterLViT-rs1s3407-iou/Covid19/BetterLViT/rs1_global_iou/RS1_Test_session_09.12_17h44/models/last_model-BetterLViT.pth.tar", "bytes": 845347135, "source_git_commit": "ec3d45cc43710b239e3dadef3f99eb1e2823aa8e", "epoch": 79, "best_epoch": 74, "regional_supervision": {"version": "regional_overlap_v1", "mode": "global", "weight": 0.128312, "window": 56, "stride": 28, "eps": 1e-06, "empty_rule": "mean_foreground_probability", "image_aggregation": "macro", "prediction": "final_probability", "extra_parameters": 0}, "training_recipe": {"version": "c4_recipe_v1", "augmentation_policy": "legacy", "lr_schedule": "single_cosine", "epochs": 80, "lr_max": 0.0003, "lr_min": 1e-06, "optimizer": "Adam", "weight_decay": 0.0001, "planned_epoch_lrs": [0.0003, 0.00029988180488548156, 0.000299527406432697, 0.000298937365018445, 0.0002981126136194818, 0.0002970544563372931, 0.0002957645663360413, 0.00029424498319694935, 0.0002924981096933035, 0.0002905267079911748, 0.00028833389528186686, 0.0002859231388529957, 0.0002832982506059952, 0.0002804633810287176, 0.0002774230126326589, 0.00027418195286518706, 0.0002707453265079793, 0.0002671185675736892, 0.00026330741071365536, 0.00025931788215023937, 0.0002551562901481291, 0.000250829215039676, 0.0002463434988200369, 0.00024170623432857334, 0.0002369247540336148, 0.00023200661843831875, 0.00022695960412596154, 0.00022179169146356164, 0.0002165110519832788, 0.00021112603546154254, 0.0002056451567163392, 0.00020007708214353414, 0.00019443061601351913, 0.00018871468654985094, 0.0001829383318118945, 0.00017711068540379374, 0.00017124096203236568, 0.00016533844293675515, 0.00015941246121288803, 0.00015347238705592798, 0.00014752761294407196, 0.00014158753878711194, 0.00013566155706324476, 0.0001297590379676343, 0.00012388931459620628, 0.00011806166818810543, 0.00011228531345014903, 0.00010656938398648078, 0.00010092291785646585, 9.535484328366082e-05, 8.98739645384574e-05, 8.448894801672122e-05, 7.92083085364383e-05, 7.404039587403837e-05, 6.899338156168123e-05, 6.407524596638513e-05, 5.9293765671426594e-05, 5.4656501179963124e-05, 5.017078496032398e-05, 4.5843709851870916e-05, 4.1682117849760676e-05, 3.769258928634457e-05, 3.388143242631079e-05, 3.025467349202066e-05, 2.6818047134812932e-05, 2.3576987367341105e-05, 2.0536618971282416e-05, 1.770174939400478e-05, 1.507686114700427e-05, 1.2666104718133115e-05, 1.047329200882518e-05, 8.501890306696488e-06, 6.755016803050646e-06, 5.235433663958695e-06, 3.945543662706889e-06, 2.887386380518162e-06, 2.0626349815549752e-06, 1.4725935673029728e-06, 1.1181951145183744e-06, 1e-06], "lr_epoch_convention": "first and last training epochs include endpoints"}}], "helper_sha256": "995eb4257e1edde4cbc8969db18631d48c08a801b40ff4117ba8410ab4c83bba", "verified": true, "verified_files": 24, "bucket": "razaxq/BetterLViT"}

