/root/autodl-tmp/envs/betterlvit-paper/lib/python3.12/site-packages/timm/models/layers/__init__.py:49: FutureWarning: Importing from timm.models.layers is deprecated, please import via timm.layers
  warnings.warn(f"Importing from {__name__} is deprecated, please import via timm.layers", FutureWarning)
{"step": 100, "lr": 0.0002987453792743108, "features": 0.062316328287124634, "image": 0.062499336898326874}
{"step": 200, "lr": 0.0002949522551321235, "features": 0.08166030049324036, "image": 0.08137068897485733}
{"step": 300, "lr": 0.0002886854548312389, "features": 0.06595529615879059, "image": 0.0666431188583374}
{"step": 400, "lr": 0.00028005229434593145, "features": 0.08337156474590302, "image": 0.08325992524623871}
{"step": 500, "lr": 0.000269200612443046, "features": 0.08263726532459259, "image": 0.08308295905590057}
{"step": 600, "lr": 0.00025631623901343733, "features": 0.06434285640716553, "image": 0.06469981372356415}
{"step": 700, "lr": 0.00024161981282348147, "features": 0.08029666543006897, "image": 0.07908601313829422}
{"step": 800, "lr": 0.00022536300318115073, "features": 0.0713491290807724, "image": 0.07163520902395248}
{"step": 900, "lr": 0.00020782420021882436, "features": 0.05701972544193268, "image": 0.056785643100738525}
{"step": 1000, "lr": 0.00018930374759469108, "features": 0.08017334342002869, "image": 0.07902033627033234}
{"step": 1100, "lr": 0.00017011879925046475, "features": 0.053400516510009766, "image": 0.053337063640356064}
{"step": 1200, "lr": 0.00015059788830099036, "features": 0.05275927856564522, "image": 0.05299285426735878}
{"step": 1300, "lr": 0.00013107530106092326, "features": 0.043549321591854095, "image": 0.043763160705566406}
{"step": 1400, "lr": 0.0001118853525505978, "features": 0.07557608187198639, "image": 0.07560420036315918}
{"step": 1500, "lr": 9.335666151032513e-05, "features": 0.06263093650341034, "image": 0.06302936375141144}
{"step": 1600, "lr": 7.580652296077665e-05, "features": 0.07346460223197937, "image": 0.07363394647836685}
{"step": 1700, "lr": 5.953547467668045e-05, "features": 0.05650212615728378, "image": 0.05637374520301819}
{"step": 1800, "lr": 4.482215062038324e-05, "features": 0.06080542504787445, "image": 0.06128837168216705}
{"step": 1900, "lr": 3.1918509467780715e-05, "features": 0.07162482291460037, "image": 0.07185731828212738}
{"step": 2000, "lr": 2.104551993584022e-05, "features": 0.04218176379799843, "image": 0.04202061519026756}
{"step": 2100, "lr": 1.2389376798428907e-05, "features": 0.0683090090751648, "image": 0.06773541867733002}
{"step": 2200, "lr": 6.098312389377033e-06, "features": 0.07184037566184998, "image": 0.07242756336927414}
{"step": 2300, "lr": 2.2800581942697357e-06, "features": 0.07057327777147293, "image": 0.07067829370498657}
{"step": 2400, "lr": 1e-06, "features": 0.12010712921619415, "image": 0.12022113054990768}
{"phase": "complete", "elapsed_seconds": 877.2582175731659, "baseline_max_difference": 0.0}
