ACADEMIC_ACCELERATION_CONFIGURED

Traceback (most recent call last):
  File "/root/autodl-tmp/hf-bucket-client/httpx/_transports/default.py", line 101, in map_httpcore_exceptions
    yield
  File "/root/autodl-tmp/hf-bucket-client/httpx/_transports/default.py", line 250, in handle_request
    resp = self._pool.handle_request(req)
           ^^^^^^^^^^^^^^^^^^^^^^^^^^^^^^
  File "/root/autodl-tmp/hf-bucket-client/httpcore/_sync/connection_pool.py", line 256, in handle_request
    raise exc from None
  File "/root/autodl-tmp/hf-bucket-client/httpcore/_sync/connection_pool.py", line 236, in handle_request
    response = connection.handle_request(
               ^^^^^^^^^^^^^^^^^^^^^^^^^^
  File "/root/autodl-tmp/hf-bucket-client/httpcore/_sync/http_proxy.py", line 316, in handle_request
    stream = stream.start_tls(**kwargs)
             ^^^^^^^^^^^^^^^^^^^^^^^^^^
  File "/root/autodl-tmp/hf-bucket-client/httpcore/_sync/http11.py", line 376, in start_tls
    return self._stream.start_tls(ssl_context, server_hostname, timeout)
           ^^^^^^^^^^^^^^^^^^^^^^^^^^^^^^^^^^^^^^^^^^^^^^^^^^^^^^^^^^^^^
  File "/root/autodl-tmp/hf-bucket-client/httpcore/_backends/sync.py", line 154, in start_tls
    with map_exceptions(exc_map):
  File "/root/miniconda3/lib/python3.12/contextlib.py", line 158, in __exit__
    self.gen.throw(value)
  File "/root/autodl-tmp/hf-bucket-client/httpcore/_exceptions.py", line 14, in map_exceptions
    raise to_exc(exc) from exc
httpcore.ConnectError: [SSL: CERTIFICATE_VERIFY_FAILED] certificate verify failed: self-signed certificate in certificate chain (_ssl.c:1000)

The above exception was the direct cause of the following exception:

Traceback (most recent call last):
  File "/root/recipe_runs/upload_hf_recipe_server.py", line 33, in <module>
    known={x.path:x for x in api.list_bucket_tree(bucket,prefix=prefix,recursive=True) if getattr(x,'xet_hash',None)}
          ^^^^^^^^^^^^^^^^^^^^^^^^^^^^^^^^^^^^^^^^^^^^^^^^^^^^^^^^^^^^^^^^^^^^^^^^^^^^^^^^^^^^^^^^^^^^^^^^^^^^^^^^^^^
  File "/root/autodl-tmp/hf-bucket-client/huggingface_hub/hf_api.py", line 12781, in list_bucket_tree
    for item in paginate(
  File "/root/autodl-tmp/hf-bucket-client/huggingface_hub/utils/_pagination.py", line 35, in paginate
    r = session.get(path, params=params, headers=headers)
        ^^^^^^^^^^^^^^^^^^^^^^^^^^^^^^^^^^^^^^^^^^^^^^^^^
  File "/root/autodl-tmp/hf-bucket-client/httpx/_client.py", line 1053, in get
    return self.request(
           ^^^^^^^^^^^^^
  File "/root/autodl-tmp/hf-bucket-client/httpx/_client.py", line 825, in request
    return self.send(request, auth=auth, follow_redirects=follow_redirects)
           ^^^^^^^^^^^^^^^^^^^^^^^^^^^^^^^^^^^^^^^^^^^^^^^^^^^^^^^^^^^^^^^^
  File "/root/autodl-tmp/hf-bucket-client/httpx/_client.py", line 914, in send
    response = self._send_handling_auth(
               ^^^^^^^^^^^^^^^^^^^^^^^^^
  File "/root/autodl-tmp/hf-bucket-client/httpx/_client.py", line 942, in _send_handling_auth
    response = self._send_handling_redirects(
               ^^^^^^^^^^^^^^^^^^^^^^^^^^^^^^
  File "/root/autodl-tmp/hf-bucket-client/httpx/_client.py", line 979, in _send_handling_redirects
    response = self._send_single_request(request)
               ^^^^^^^^^^^^^^^^^^^^^^^^^^^^^^^^^^
  File "/root/autodl-tmp/hf-bucket-client/httpx/_client.py", line 1014, in _send_single_request
    response = transport.handle_request(request)
               ^^^^^^^^^^^^^^^^^^^^^^^^^^^^^^^^^
  File "/root/autodl-tmp/hf-bucket-client/httpx/_transports/default.py", line 249, in handle_request
    with map_httpcore_exceptions():
  File "/root/miniconda3/lib/python3.12/contextlib.py", line 158, in __exit__
    self.gen.throw(value)
  File "/root/autodl-tmp/hf-bucket-client/httpx/_transports/default.py", line 118, in map_httpcore_exceptions
    raise mapped_exc(message) from exc
httpx.ConnectError: [SSL: CERTIFICATE_VERIFY_FAILED] certificate verify failed: self-signed certificate in certificate chain (_ssl.c:1000)
